[AzureJob] started_utc=20260826_070106
[AzureJob] job_kind=phase1
[AzureJob] app_dir=/app
Python 3.13.15
[AzureJob] running mode=signal_baseline_tb11_options_phase1_auto_quote_observation
[Cached] Token invalid or expired: Failed to call profile after 5 retries: Incorrect `api_key` or `access_token`.. Fetching new token...
[TB11-T25] template saved: /app/results/signal_baseline/tb11_options_current_nfo_leg_resolver_template.csv
[TB11-T25] unresolved saved: /app/results/signal_baseline/tb11_options_current_nfo_leg_resolver_unresolved_20260826.csv
[TB11-T25] summary saved: /app/results/signal_baseline/tb11_options_current_nfo_leg_resolver_summary.csv
[TB11-T26-AUTO] resolver blocked; summary saved: /app/results/signal_baseline/tb11_options_phase1_auto_quote_observation_summary.csv
[AzureJob] mode=signal_baseline_tb11_options_phase1_auto_quote_observation exit=0
[AzureJob] running mode=signal_baseline_tb11_options_phase2_paper_price_reconciliation_readiness
[TB11-PHASE2-READINESS] detail saved: /app/results/signal_baseline/tb11_phase2_paper_price_reconciliation_readiness_detail.csv
[TB11-PHASE2-READINESS] summary saved: /app/results/signal_baseline/tb11_phase2_paper_price_reconciliation_readiness_summary.csv
[TB11-PHASE2-READINESS] next action saved: /app/results/signal_baseline/tb11_phase2_paper_price_reconciliation_readiness_next_action.md
[AzureJob] mode=signal_baseline_tb11_options_phase2_paper_price_reconciliation_readiness exit=0
[AzureJob] running mode=signal_baseline_tb11_options_phase2_transition_controller
[TB11-PHASE2-TRANSITION] summary saved: /app/results/signal_baseline/tb11_phase2_transition_controller_summary.csv
[TB11-PHASE2-TRANSITION] next action saved: /app/results/signal_baseline/tb11_phase2_transition_controller_next_action.md
[AzureJob] mode=signal_baseline_tb11_options_phase2_transition_controller exit=0
[AzureJob] pruning logs older than 3 day(s), preserving at least 6 per pattern
Cloning into '/tmp/ctrade1-output-push'...
