[AzureJob] started_utc=20260820_041557
[AzureJob] job_kind=t28
[AzureJob] app_dir=/app
Python 3.13.15
[AzureJob] running mode=signal_baseline_tb11_options_nifty_chain_band_quote_collector
[Cached] Logged in as: Thiruvadi Rama Govinda Raja (WZ3843)
[TB11-T28] detail saved: /app/results/signal_baseline/tb11_nifty_chain_band_quote_collector_detail_20260820.csv
[TB11-T28] unresolved saved: /app/results/signal_baseline/tb11_nifty_chain_band_quote_collector_unresolved_20260820.csv
[TB11-T28] summary saved: /app/results/signal_baseline/tb11_nifty_chain_band_quote_collector_summary.csv
[AzureJob] mode=signal_baseline_tb11_options_nifty_chain_band_quote_collector exit=0
[AzureJob] running mode=signal_baseline_tb11_options_t28_freshness_gate
[TB11-T28-GATE] summary saved: /app/results/signal_baseline/tb11_t28_freshness_gate_summary.csv
[TB11-T28-GATE] next action saved: /app/results/signal_baseline/tb11_t28_freshness_gate_next_action.md
[AzureJob] mode=signal_baseline_tb11_options_t28_freshness_gate exit=0
[AzureJob] running mode=signal_baseline_tb11_options_phase2_paper_price_reconciliation_readiness
[TB11-PHASE2-READINESS] detail saved: /app/results/signal_baseline/tb11_phase2_paper_price_reconciliation_readiness_detail.csv
[TB11-PHASE2-READINESS] summary saved: /app/results/signal_baseline/tb11_phase2_paper_price_reconciliation_readiness_summary.csv
[TB11-PHASE2-READINESS] next action saved: /app/results/signal_baseline/tb11_phase2_paper_price_reconciliation_readiness_next_action.md
[AzureJob] mode=signal_baseline_tb11_options_phase2_paper_price_reconciliation_readiness exit=0
[AzureJob] running mode=signal_baseline_tb11_options_phase2_transition_controller
[TB11-PHASE2-TRANSITION] summary saved: /app/results/signal_baseline/tb11_phase2_transition_controller_summary.csv
[TB11-PHASE2-TRANSITION] next action saved: /app/results/signal_baseline/tb11_phase2_transition_controller_next_action.md
[TB11-PHASE2-TRANSITION] runbook saved: /app/results/signal_baseline/tb11_phase2_paper_price_reconciliation_runbook.md
[TB11-PHASE2-TRANSITION] closeout memo saved: /app/results/signal_baseline/tb11_phase1_to_phase2_transition_closeout_memo.md
[AzureJob] mode=signal_baseline_tb11_options_phase2_transition_controller exit=0
[AzureJob] running mode=signal_baseline_tb11_options_phase2_no_order_paper_price_reconciliation
[TB11-PHASE2-RECON] detail saved: /app/results/signal_baseline/tb11_phase2_no_order_paper_price_reconciliation_detail_20260820.csv
[TB11-PHASE2-RECON] summary saved: /app/results/signal_baseline/tb11_phase2_no_order_paper_price_reconciliation_summary.csv
[AzureJob] mode=signal_baseline_tb11_options_phase2_no_order_paper_price_reconciliation exit=0
[AzureJob] pruning logs older than 3 day(s), preserving at least 6 per pattern
Cloning into '/tmp/ctrade1-output-push'...
[AzureJob] staged generated path results
[AzureJob] staged generated path data
[main 383abae] Record Azure scheduled job outputs
 31 files changed, 230 insertions(+), 49 deletions(-)
 create mode 100644 results/log_runs/run_20260820_041601/main.log
 create mode 100644 results/log_runs/run_20260820_041609/main.log
 create mode 100644 results/log_runs/run_20260820_041615/main.log
 create mode 100644 results/log_runs/run_20260820_041620/main.log
 create mode 100644 results/log_runs/run_20260820_041625/main.log
 create mode 100644 results/log_runs/tb11_t28_20260820_041557_azure.log
 create mode 100644 results/signal_baseline/tb11_nifty_chain_band_quote_collector_detail_20260820.csv
 create mode 100644 results/signal_baseline/tb11_nifty_chain_band_quote_collector_unresolved_20260820.csv
 create mode 100644 results/signal_baseline/tb11_phase2_no_order_paper_price_reconciliation_detail_20260820.csv
To https://github.com/tramgo/ctrade1.git
   7c0bd47..383abae  main -> main
[AzureJob] completed_utc=20260820_041635
