[Scheduler] started at 20260701_133548
[Scheduler] cwd=C:\Ramgo\Business\Trading\India2026\Gitrade1\ctrade1
[Scheduler] collector_mode=signal_baseline_tb11_options_nifty_chain_band_quote_collector
[Scheduler] gate_mode=signal_baseline_tb11_options_t28_freshness_gate
[Scheduler] readiness_mode=signal_baseline_tb11_options_phase2_paper_price_reconciliation_readiness
[Scheduler] transition_mode=signal_baseline_tb11_options_phase2_transition_controller
[Scheduler] python=C:\Users\Ramic\AppData\Local\Programs\Python\Python313\python.exe
Python 3.13.2
[Scheduler] running collector
[Cached] Token invalid or expired: Failed to call profile after 5 retries: Incorrect `api_key` or `access_token`.. Fetching new token...
[Attempt 1] Getting access token...
[Error] Login attempt 1 failed: No Location header – stopped early.
Retrying in 10 seconds...

[Attempt 2] Getting access token...
[Success] Logged in as: Thiruvadi Rama Govinda Raja (WZ3843)
[TB11-T28] detail saved: C:\Ramgo\Business\Trading\India2026\Gitrade1\ctrade1\results\signal_baseline\tb11_nifty_chain_band_quote_collector_detail_20260701.csv
[TB11-T28] unresolved saved: C:\Ramgo\Business\Trading\India2026\Gitrade1\ctrade1\results\signal_baseline\tb11_nifty_chain_band_quote_collector_unresolved_20260701.csv
[TB11-T28] summary saved: C:\Ramgo\Business\Trading\India2026\Gitrade1\ctrade1\results\signal_baseline\tb11_nifty_chain_band_quote_collector_summary.csv
[Scheduler] collector_exit=0 
[Scheduler] running freshness gate
[TB11-T28-GATE] summary saved: C:\Ramgo\Business\Trading\India2026\Gitrade1\ctrade1\results\signal_baseline\tb11_t28_freshness_gate_summary.csv
[TB11-T28-GATE] next action saved: C:\Ramgo\Business\Trading\India2026\Gitrade1\ctrade1\results\signal_baseline\tb11_t28_freshness_gate_next_action.md
[Scheduler] gate_exit=0 
[Scheduler] running phase2 readiness
[TB11-PHASE2-READINESS] detail saved: C:\Ramgo\Business\Trading\India2026\Gitrade1\ctrade1\results\signal_baseline\tb11_phase2_paper_price_reconciliation_readiness_detail.csv
[TB11-PHASE2-READINESS] summary saved: C:\Ramgo\Business\Trading\India2026\Gitrade1\ctrade1\results\signal_baseline\tb11_phase2_paper_price_reconciliation_readiness_summary.csv
[TB11-PHASE2-READINESS] next action saved: C:\Ramgo\Business\Trading\India2026\Gitrade1\ctrade1\results\signal_baseline\tb11_phase2_paper_price_reconciliation_readiness_next_action.md
[Scheduler] readiness_exit=0 
[Scheduler] running transition controller
[TB11-PHASE2-TRANSITION] summary saved: C:\Ramgo\Business\Trading\India2026\Gitrade1\ctrade1\results\signal_baseline\tb11_phase2_transition_controller_summary.csv
[TB11-PHASE2-TRANSITION] next action saved: C:\Ramgo\Business\Trading\India2026\Gitrade1\ctrade1\results\signal_baseline\tb11_phase2_transition_controller_next_action.md
[TB11-PHASE2-TRANSITION] runbook saved: C:\Ramgo\Business\Trading\India2026\Gitrade1\ctrade1\results\signal_baseline\tb11_phase2_paper_price_reconciliation_runbook.md
[Scheduler] transition_exit=0 
