[AzureJob] started_utc=20260730_070102
[AzureJob] job_kind=phase1
[AzureJob] app_dir=/app
Python 3.13.14
[AzureJob] running mode=signal_baseline_tb11_options_phase1_auto_quote_observation
[Cached] Logged in as: Thiruvadi Rama Govinda Raja (WZ3843)
[TB11-T25] template saved: /app/results/signal_baseline/tb11_options_current_nfo_leg_resolver_template.csv
[TB11-T25] unresolved saved: /app/results/signal_baseline/tb11_options_current_nfo_leg_resolver_unresolved_20260730.csv
[TB11-T25] summary saved: /app/results/signal_baseline/tb11_options_current_nfo_leg_resolver_summary.csv
[TB11-T24] captured saved: /app/results/signal_baseline/tb11_options_zerodha_quote_only_collector_20260730.csv
[TB11-T24] unresolved saved: /app/results/signal_baseline/tb11_options_zerodha_quote_only_collector_unresolved_20260730.csv
[TB11-T24] summary saved: /app/results/signal_baseline/tb11_options_zerodha_quote_only_collector_summary.csv
[TB11-T26] latest detail saved: /app/results/signal_baseline/tb11_options_phase1_observation_ledger_latest_detail.csv
[TB11-T26] ledger saved: /app/results/signal_baseline/tb11_options_phase1_observation_ledger.csv
[TB11-T26] summary saved: /app/results/signal_baseline/tb11_options_phase1_observation_ledger_summary.csv
[TB11-T26-AUTO] summary saved: /app/results/signal_baseline/tb11_options_phase1_auto_quote_observation_summary.csv
[AzureJob] mode=signal_baseline_tb11_options_phase1_auto_quote_observation exit=0
[AzureJob] running mode=signal_baseline_tb11_options_phase2_paper_price_reconciliation_readiness
[TB11-PHASE2-READINESS] detail saved: /app/results/signal_baseline/tb11_phase2_paper_price_reconciliation_readiness_detail.csv
[TB11-PHASE2-READINESS] summary saved: /app/results/signal_baseline/tb11_phase2_paper_price_reconciliation_readiness_summary.csv
[TB11-PHASE2-READINESS] next action saved: /app/results/signal_baseline/tb11_phase2_paper_price_reconciliation_readiness_next_action.md
[AzureJob] mode=signal_baseline_tb11_options_phase2_paper_price_reconciliation_readiness exit=0
[AzureJob] running mode=signal_baseline_tb11_options_phase2_transition_controller
[TB11-PHASE2-TRANSITION] summary saved: /app/results/signal_baseline/tb11_phase2_transition_controller_summary.csv
[TB11-PHASE2-TRANSITION] next action saved: /app/results/signal_baseline/tb11_phase2_transition_controller_next_action.md
[TB11-PHASE2-TRANSITION] runbook saved: /app/results/signal_baseline/tb11_phase2_paper_price_reconciliation_runbook.md
[TB11-PHASE2-TRANSITION] closeout memo saved: /app/results/signal_baseline/tb11_phase1_to_phase2_transition_closeout_memo.md
[AzureJob] mode=signal_baseline_tb11_options_phase2_transition_controller exit=0
[AzureJob] pruning logs older than 3 day(s), preserving at least 6 per pattern
Cloning into '/tmp/ctrade1-output-push'...
