[AzureJob] started_utc=20260706_041558
[AzureJob] job_kind=t28
[AzureJob] app_dir=/app
Python 3.13.14
[AzureJob] running mode=signal_baseline_tb11_options_nifty_chain_band_quote_collector
[Attempt 1] Getting access token...
[Success] Logged in as: Thiruvadi Rama Govinda Raja (WZ3843)
[TB11-T28] detail saved: /app/results/signal_baseline/tb11_nifty_chain_band_quote_collector_detail_20260706.csv
[TB11-T28] unresolved saved: /app/results/signal_baseline/tb11_nifty_chain_band_quote_collector_unresolved_20260706.csv
[TB11-T28] summary saved: /app/results/signal_baseline/tb11_nifty_chain_band_quote_collector_summary.csv
[AzureJob] mode=signal_baseline_tb11_options_nifty_chain_band_quote_collector exit=0
[AzureJob] running mode=signal_baseline_tb11_options_t28_freshness_gate
[TB11-T28-GATE] summary saved: /app/results/signal_baseline/tb11_t28_freshness_gate_summary.csv
[TB11-T28-GATE] next action saved: /app/results/signal_baseline/tb11_t28_freshness_gate_next_action.md
[AzureJob] mode=signal_baseline_tb11_options_t28_freshness_gate exit=0
[AzureJob] running mode=signal_baseline_tb11_options_phase2_paper_price_reconciliation_readiness
[TB11-PHASE2-READINESS] detail saved: /app/results/signal_baseline/tb11_phase2_paper_price_reconciliation_readiness_detail.csv
[TB11-PHASE2-READINESS] summary saved: /app/results/signal_baseline/tb11_phase2_paper_price_reconciliation_readiness_summary.csv
[TB11-PHASE2-READINESS] next action saved: /app/results/signal_baseline/tb11_phase2_paper_price_reconciliation_readiness_next_action.md
[AzureJob] mode=signal_baseline_tb11_options_phase2_paper_price_reconciliation_readiness exit=0
[AzureJob] running mode=signal_baseline_tb11_options_phase2_transition_controller
[TB11-PHASE2-TRANSITION] summary saved: /app/results/signal_baseline/tb11_phase2_transition_controller_summary.csv
[TB11-PHASE2-TRANSITION] next action saved: /app/results/signal_baseline/tb11_phase2_transition_controller_next_action.md
[AzureJob] mode=signal_baseline_tb11_options_phase2_transition_controller exit=0
Cloning into '/tmp/ctrade1-output-push'...
[AzureJob] staged generated path results
[AzureJob] staged generated path data
[main 6c5c2ae] Record Azure scheduled job outputs
 22 files changed, 191 insertions(+), 131 deletions(-)
 create mode 100644 results/log_runs/run_20260706_041604/main.log
 create mode 100644 results/log_runs/run_20260706_041613/main.log
 create mode 100644 results/log_runs/run_20260706_041618/main.log
 create mode 100644 results/log_runs/run_20260706_041623/main.log
 create mode 100644 results/log_runs/tb11_t28_20260706_041558_azure.log
To https://github.com/tramgo/ctrade1.git
   27f6c98..6c5c2ae  main -> main
[AzureJob] completed_utc=20260706_041631
