2026-04-29 00:51:04,772 - DEBUG - Stable Baselines3 version: 2.6.0
2026-04-29 00:51:04,774 - DEBUG - Gymnasium version: 1.1.1
2026-04-29 00:51:04,774 - DEBUG - Optuna version: 4.2.1
2026-04-29 00:51:05,907 - INFO - Resolved execution mode: signal_baseline_portfolio_rank_60m_long_only_walkforward
2026-04-29 00:51:05,908 - INFO - Starting pipeline for multi‐ticker training (ITC, APOLLOTYRE) and single‐ticker testing (GRINDWELL).
2026-04-29 00:51:05,910 - INFO - [RL PARAMS] loaded saved params from C:\Ramgo\Business\Trading\India2026\Gitrade1\ctrade1\results\best_params.joblib
2026-04-29 00:51:05,912 - INFO - Starting portfolio-rank 60m long-only walk-forward validation. Testing the weekly top-k=3 wrapper across three contiguous folds against SIGNAL_E211_BANDED_68 and FLAT only. Evaluating shortlist: E1002, E1003, E1005, E1006
2026-04-29 00:51:06,213 - INFO - [Env 0] In test mode: Inference Buy Threshold set to 0.0683180921646846, Inference Sell Threshold set to 0.0728034992108518
2026-04-29 00:51:08,696 - INFO - [Env 0] In test mode: Inference Buy Threshold set to 0.0683180921646846, Inference Sell Threshold set to 0.0728034992108518
2026-04-29 00:51:12,401 - INFO - [Env 0] In test mode: Inference Buy Threshold set to 0.0683180921646846, Inference Sell Threshold set to 0.0728034992108518
2026-04-29 00:51:14,327 - INFO - [Env 0] In test mode: Inference Buy Threshold set to 0.0683180921646846, Inference Sell Threshold set to 0.0728034992108518
2026-04-29 00:51:22,460 - INFO - [Env 0] In test mode: Inference Buy Threshold set to 0.0683180921646846, Inference Sell Threshold set to 0.0728034992108518
2026-04-29 00:51:25,920 - INFO - [Env 0] In test mode: Inference Buy Threshold set to 0.0683180921646846, Inference Sell Threshold set to 0.0728034992108518
2026-04-29 00:51:30,793 - INFO - [Env 0] In test mode: Inference Buy Threshold set to 0.0683180921646846, Inference Sell Threshold set to 0.0728034992108518
2026-04-29 00:51:33,089 - INFO - [Env 0] In test mode: Inference Buy Threshold set to 0.0683180921646846, Inference Sell Threshold set to 0.0728034992108518
2026-04-29 00:51:37,565 - INFO - [Env 0] In test mode: Inference Buy Threshold set to 0.0683180921646846, Inference Sell Threshold set to 0.0728034992108518
2026-04-29 00:51:39,977 - INFO - [Env 0] In test mode: Inference Buy Threshold set to 0.0683180921646846, Inference Sell Threshold set to 0.0728034992108518
2026-04-29 00:51:45,440 - INFO - [Env 0] In test mode: Inference Buy Threshold set to 0.0683180921646846, Inference Sell Threshold set to 0.0728034992108518
2026-04-29 00:51:48,419 - INFO - [Env 0] In test mode: Inference Buy Threshold set to 0.0683180921646846, Inference Sell Threshold set to 0.0728034992108518
2026-04-29 00:51:54,573 - INFO - [Env 0] In test mode: Inference Buy Threshold set to 0.0683180921646846, Inference Sell Threshold set to 0.0728034992108518
2026-04-29 00:51:57,326 - INFO - [Env 0] In test mode: Inference Buy Threshold set to 0.0683180921646846, Inference Sell Threshold set to 0.0728034992108518
2026-04-29 00:52:03,257 - INFO - [Env 0] In test mode: Inference Buy Threshold set to 0.0683180921646846, Inference Sell Threshold set to 0.0728034992108518
2026-04-29 00:52:05,918 - INFO - [Env 0] In test mode: Inference Buy Threshold set to 0.0683180921646846, Inference Sell Threshold set to 0.0728034992108518
2026-04-29 00:52:10,871 - INFO - [Env 0] In test mode: Inference Buy Threshold set to 0.0683180921646846, Inference Sell Threshold set to 0.0728034992108518
2026-04-29 00:52:13,397 - INFO - [Env 0] In test mode: Inference Buy Threshold set to 0.0683180921646846, Inference Sell Threshold set to 0.0728034992108518
2026-04-29 00:52:20,312 - INFO - [Env 0] In test mode: Inference Buy Threshold set to 0.0683180921646846, Inference Sell Threshold set to 0.0728034992108518
2026-04-29 00:52:23,229 - INFO - [Env 0] In test mode: Inference Buy Threshold set to 0.0683180921646846, Inference Sell Threshold set to 0.0728034992108518
2026-04-29 00:52:29,671 - INFO - [Env 0] In test mode: Inference Buy Threshold set to 0.0683180921646846, Inference Sell Threshold set to 0.0728034992108518
2026-04-29 00:53:01,109 - INFO - [Env 0] In test mode: Inference Buy Threshold set to 0.0683180921646846, Inference Sell Threshold set to 0.0728034992108518
2026-04-29 00:53:07,920 - INFO - [Env 0] In test mode: Inference Buy Threshold set to 0.0683180921646846, Inference Sell Threshold set to 0.0728034992108518
2026-04-29 00:53:11,086 - INFO - [Env 0] In test mode: Inference Buy Threshold set to 0.0683180921646846, Inference Sell Threshold set to 0.0728034992108518
2026-04-29 00:53:16,965 - INFO - [Env 0] In test mode: Inference Buy Threshold set to 0.0683180921646846, Inference Sell Threshold set to 0.0728034992108518
2026-04-29 00:53:21,290 - INFO - [Env 0] In test mode: Inference Buy Threshold set to 0.0683180921646846, Inference Sell Threshold set to 0.0728034992108518
2026-04-29 00:53:28,891 - INFO - [Env 0] In test mode: Inference Buy Threshold set to 0.0683180921646846, Inference Sell Threshold set to 0.0728034992108518
2026-04-29 00:53:30,676 - INFO - [PORTFOLIO-RANK] summary saved: C:\Ramgo\Business\Trading\India2026\Gitrade1\ctrade1\results\signal_baseline\portfolio_rank_60m_long_only_walkforward_fold1_baseline_summary.csv
2026-04-29 00:53:30,693 - INFO - [PORTFOLIO-RANK] rebalance history saved: C:\Ramgo\Business\Trading\India2026\Gitrade1\ctrade1\results\signal_baseline\portfolio_rank_60m_long_only_walkforward_fold1_rebalance_history.csv
2026-04-29 00:53:30,694 - INFO - [PORTFOLIO-RANK] ticker contributions saved: C:\Ramgo\Business\Trading\India2026\Gitrade1\ctrade1\results\signal_baseline\portfolio_rank_60m_long_only_walkforward_fold1_ticker_contributions.csv
2026-04-29 00:53:31,803 - INFO - [Env 0] In test mode: Inference Buy Threshold set to 0.0683180921646846, Inference Sell Threshold set to 0.0728034992108518
2026-04-29 00:53:32,510 - INFO - [PORTFOLIO-RANK] summary saved: C:\Ramgo\Business\Trading\India2026\Gitrade1\ctrade1\results\signal_baseline\portfolio_rank_60m_long_only_walkforward_fold2_baseline_summary.csv
2026-04-29 00:53:32,511 - INFO - [PORTFOLIO-RANK] rebalance history saved: C:\Ramgo\Business\Trading\India2026\Gitrade1\ctrade1\results\signal_baseline\portfolio_rank_60m_long_only_walkforward_fold2_rebalance_history.csv
2026-04-29 00:53:32,512 - INFO - [PORTFOLIO-RANK] ticker contributions saved: C:\Ramgo\Business\Trading\India2026\Gitrade1\ctrade1\results\signal_baseline\portfolio_rank_60m_long_only_walkforward_fold2_ticker_contributions.csv
2026-04-29 00:53:34,235 - INFO - [PORTFOLIO-RANK] summary saved: C:\Ramgo\Business\Trading\India2026\Gitrade1\ctrade1\results\signal_baseline\portfolio_rank_60m_long_only_walkforward_fold3_baseline_summary.csv
2026-04-29 00:53:34,236 - INFO - [PORTFOLIO-RANK] rebalance history saved: C:\Ramgo\Business\Trading\India2026\Gitrade1\ctrade1\results\signal_baseline\portfolio_rank_60m_long_only_walkforward_fold3_rebalance_history.csv
2026-04-29 00:53:34,237 - INFO - [PORTFOLIO-RANK] ticker contributions saved: C:\Ramgo\Business\Trading\India2026\Gitrade1\ctrade1\results\signal_baseline\portfolio_rank_60m_long_only_walkforward_fold3_ticker_contributions.csv
2026-04-29 00:53:34,302 - INFO - [PORTFOLIO-WF] walk-forward summary saved: C:\Ramgo\Business\Trading\India2026\Gitrade1\ctrade1\results\signal_baseline\portfolio_rank_60m_long_only_walkforward_summary.csv
2026-04-29 00:53:34,303 - INFO - [PORTFOLIO-WF] walk-forward aggregate saved: C:\Ramgo\Business\Trading\India2026\Gitrade1\ctrade1\results\signal_baseline\portfolio_rank_60m_long_only_walkforward_aggregate.csv
2026-04-29 00:53:34,304 - INFO - [PORTFOLIO-WF] walk-forward manifest saved: C:\Ramgo\Business\Trading\India2026\Gitrade1\ctrade1\results\signal_baseline\portfolio_rank_60m_long_only_walkforward_manifest.csv
2026-04-29 00:53:37,229 - INFO - [Env 0] In test mode: Inference Buy Threshold set to 0.0683180921646846, Inference Sell Threshold set to 0.0728034992108518
2026-04-29 00:53:40,036 - INFO - [Env 0] In test mode: Inference Buy Threshold set to 0.0683180921646846, Inference Sell Threshold set to 0.0728034992108518
2026-04-29 00:53:43,705 - INFO - [Env 0] In test mode: Inference Buy Threshold set to 0.0683180921646846, Inference Sell Threshold set to 0.0728034992108518
2026-04-29 00:53:45,520 - INFO - [Env 0] In test mode: Inference Buy Threshold set to 0.0683180921646846, Inference Sell Threshold set to 0.0728034992108518
2026-04-29 00:53:56,156 - INFO - [Env 0] In test mode: Inference Buy Threshold set to 0.0683180921646846, Inference Sell Threshold set to 0.0728034992108518
2026-04-29 00:54:01,037 - INFO - [Env 0] In test mode: Inference Buy Threshold set to 0.0683180921646846, Inference Sell Threshold set to 0.0728034992108518
2026-04-29 00:54:10,360 - INFO - [Env 0] In test mode: Inference Buy Threshold set to 0.0683180921646846, Inference Sell Threshold set to 0.0728034992108518
2026-04-29 00:54:15,135 - INFO - [Env 0] In test mode: Inference Buy Threshold set to 0.0683180921646846, Inference Sell Threshold set to 0.0728034992108518
2026-04-29 00:54:24,673 - INFO - [Env 0] In test mode: Inference Buy Threshold set to 0.0683180921646846, Inference Sell Threshold set to 0.0728034992108518
2026-04-29 00:54:29,438 - INFO - [Env 0] In test mode: Inference Buy Threshold set to 0.0683180921646846, Inference Sell Threshold set to 0.0728034992108518
2026-04-29 00:54:38,972 - INFO - [Env 0] In test mode: Inference Buy Threshold set to 0.0683180921646846, Inference Sell Threshold set to 0.0728034992108518
2026-04-29 00:54:43,795 - INFO - [Env 0] In test mode: Inference Buy Threshold set to 0.0683180921646846, Inference Sell Threshold set to 0.0728034992108518
2026-04-29 00:54:53,150 - INFO - [Env 0] In test mode: Inference Buy Threshold set to 0.0683180921646846, Inference Sell Threshold set to 0.0728034992108518
2026-04-29 00:54:58,016 - INFO - [Env 0] In test mode: Inference Buy Threshold set to 0.0683180921646846, Inference Sell Threshold set to 0.0728034992108518
2026-04-29 00:55:07,429 - INFO - [Env 0] In test mode: Inference Buy Threshold set to 0.0683180921646846, Inference Sell Threshold set to 0.0728034992108518
2026-04-29 00:55:12,333 - INFO - [Env 0] In test mode: Inference Buy Threshold set to 0.0683180921646846, Inference Sell Threshold set to 0.0728034992108518
2026-04-29 00:55:21,582 - INFO - [Env 0] In test mode: Inference Buy Threshold set to 0.0683180921646846, Inference Sell Threshold set to 0.0728034992108518
2026-04-29 00:55:26,248 - INFO - [Env 0] In test mode: Inference Buy Threshold set to 0.0683180921646846, Inference Sell Threshold set to 0.0728034992108518
2026-04-29 00:55:35,756 - INFO - [Env 0] In test mode: Inference Buy Threshold set to 0.0683180921646846, Inference Sell Threshold set to 0.0728034992108518
2026-04-29 00:55:40,490 - INFO - [Env 0] In test mode: Inference Buy Threshold set to 0.0683180921646846, Inference Sell Threshold set to 0.0728034992108518
2026-04-29 00:55:50,986 - INFO - [Env 0] In test mode: Inference Buy Threshold set to 0.0683180921646846, Inference Sell Threshold set to 0.0728034992108518
2026-04-29 00:55:56,767 - INFO - [Env 0] In test mode: Inference Buy Threshold set to 0.0683180921646846, Inference Sell Threshold set to 0.0728034992108518
2026-04-29 00:56:02,346 - INFO - [Env 0] In test mode: Inference Buy Threshold set to 0.0683180921646846, Inference Sell Threshold set to 0.0728034992108518
2026-04-29 00:56:03,996 - INFO - [Env 0] In test mode: Inference Buy Threshold set to 0.0683180921646846, Inference Sell Threshold set to 0.0728034992108518
2026-04-29 00:56:08,745 - INFO - [Env 0] In test mode: Inference Buy Threshold set to 0.0683180921646846, Inference Sell Threshold set to 0.0728034992108518
2026-04-29 00:56:11,445 - INFO - [Env 0] In test mode: Inference Buy Threshold set to 0.0683180921646846, Inference Sell Threshold set to 0.0728034992108518
2026-04-29 00:56:18,247 - INFO - [Env 0] In test mode: Inference Buy Threshold set to 0.0683180921646846, Inference Sell Threshold set to 0.0728034992108518
2026-04-29 00:56:22,074 - INFO - [Env 0] In test mode: Inference Buy Threshold set to 0.0683180921646846, Inference Sell Threshold set to 0.0728034992108518
2026-04-29 00:56:29,943 - INFO - [Env 0] In test mode: Inference Buy Threshold set to 0.0683180921646846, Inference Sell Threshold set to 0.0728034992108518
2026-04-29 00:56:35,133 - INFO - [Env 0] In test mode: Inference Buy Threshold set to 0.0683180921646846, Inference Sell Threshold set to 0.0728034992108518
2026-04-29 00:56:44,573 - INFO - [Env 0] In test mode: Inference Buy Threshold set to 0.0683180921646846, Inference Sell Threshold set to 0.0728034992108518
2026-04-29 00:56:49,523 - INFO - [Env 0] In test mode: Inference Buy Threshold set to 0.0683180921646846, Inference Sell Threshold set to 0.0728034992108518
2026-04-29 00:56:58,788 - INFO - [Env 0] In test mode: Inference Buy Threshold set to 0.0683180921646846, Inference Sell Threshold set to 0.0728034992108518
2026-04-29 00:57:03,657 - INFO - [Env 0] In test mode: Inference Buy Threshold set to 0.0683180921646846, Inference Sell Threshold set to 0.0728034992108518
2026-04-29 00:57:12,950 - INFO - [Env 0] In test mode: Inference Buy Threshold set to 0.0683180921646846, Inference Sell Threshold set to 0.0728034992108518
2026-04-29 00:57:17,552 - INFO - [Env 0] In test mode: Inference Buy Threshold set to 0.0683180921646846, Inference Sell Threshold set to 0.0728034992108518
2026-04-29 00:57:27,020 - INFO - [Env 0] In test mode: Inference Buy Threshold set to 0.0683180921646846, Inference Sell Threshold set to 0.0728034992108518
2026-04-29 00:57:31,574 - INFO - [Env 0] In test mode: Inference Buy Threshold set to 0.0683180921646846, Inference Sell Threshold set to 0.0728034992108518
2026-04-29 00:57:40,747 - INFO - [Env 0] In test mode: Inference Buy Threshold set to 0.0683180921646846, Inference Sell Threshold set to 0.0728034992108518
2026-04-29 00:57:45,404 - INFO - [Env 0] In test mode: Inference Buy Threshold set to 0.0683180921646846, Inference Sell Threshold set to 0.0728034992108518
2026-04-29 00:57:54,617 - INFO - [Env 0] In test mode: Inference Buy Threshold set to 0.0683180921646846, Inference Sell Threshold set to 0.0728034992108518
2026-04-29 00:57:59,289 - INFO - [Env 0] In test mode: Inference Buy Threshold set to 0.0683180921646846, Inference Sell Threshold set to 0.0728034992108518
2026-04-29 00:58:08,862 - INFO - [Env 0] In test mode: Inference Buy Threshold set to 0.0683180921646846, Inference Sell Threshold set to 0.0728034992108518
2026-04-29 00:58:13,550 - INFO - [Env 0] In test mode: Inference Buy Threshold set to 0.0683180921646846, Inference Sell Threshold set to 0.0728034992108518
2026-04-29 00:58:22,900 - INFO - [Env 0] In test mode: Inference Buy Threshold set to 0.0683180921646846, Inference Sell Threshold set to 0.0728034992108518
2026-04-29 00:58:27,526 - INFO - [Env 0] In test mode: Inference Buy Threshold set to 0.0683180921646846, Inference Sell Threshold set to 0.0728034992108518
2026-04-29 00:58:36,827 - INFO - [Env 0] In test mode: Inference Buy Threshold set to 0.0683180921646846, Inference Sell Threshold set to 0.0728034992108518
2026-04-29 00:58:41,500 - INFO - [Env 0] In test mode: Inference Buy Threshold set to 0.0683180921646846, Inference Sell Threshold set to 0.0728034992108518
2026-04-29 00:58:51,526 - INFO - [Env 0] In test mode: Inference Buy Threshold set to 0.0683180921646846, Inference Sell Threshold set to 0.0728034992108518
2026-04-29 00:58:57,615 - INFO - [Env 0] In test mode: Inference Buy Threshold set to 0.0683180921646846, Inference Sell Threshold set to 0.0728034992108518
2026-04-29 00:59:08,157 - INFO - [Env 0] In test mode: Inference Buy Threshold set to 0.0683180921646846, Inference Sell Threshold set to 0.0728034992108518
2026-04-29 00:59:13,154 - INFO - [Env 0] In test mode: Inference Buy Threshold set to 0.0683180921646846, Inference Sell Threshold set to 0.0728034992108518
2026-04-29 00:59:17,486 - INFO - [Env 0] In test mode: Inference Buy Threshold set to 0.0683180921646846, Inference Sell Threshold set to 0.0728034992108518
2026-04-29 00:59:19,634 - INFO - [Env 0] In test mode: Inference Buy Threshold set to 0.0683180921646846, Inference Sell Threshold set to 0.0728034992108518
2026-04-29 00:59:23,986 - INFO - [Env 0] In test mode: Inference Buy Threshold set to 0.0683180921646846, Inference Sell Threshold set to 0.0728034992108518
2026-04-29 00:59:25,890 - INFO - [Env 0] In test mode: Inference Buy Threshold set to 0.0683180921646846, Inference Sell Threshold set to 0.0728034992108518
2026-04-29 00:59:35,041 - INFO - [Env 0] In test mode: Inference Buy Threshold set to 0.0683180921646846, Inference Sell Threshold set to 0.0728034992108518
2026-04-29 00:59:40,360 - INFO - [Env 0] In test mode: Inference Buy Threshold set to 0.0683180921646846, Inference Sell Threshold set to 0.0728034992108518
2026-04-29 00:59:51,067 - INFO - [Env 0] In test mode: Inference Buy Threshold set to 0.0683180921646846, Inference Sell Threshold set to 0.0728034992108518
2026-04-29 00:59:55,688 - INFO - [Env 0] In test mode: Inference Buy Threshold set to 0.0683180921646846, Inference Sell Threshold set to 0.0728034992108518
2026-04-29 01:00:04,972 - INFO - [Env 0] In test mode: Inference Buy Threshold set to 0.0683180921646846, Inference Sell Threshold set to 0.0728034992108518
2026-04-29 01:00:09,730 - INFO - [Env 0] In test mode: Inference Buy Threshold set to 0.0683180921646846, Inference Sell Threshold set to 0.0728034992108518
2026-04-29 01:00:17,127 - INFO - [Env 0] In test mode: Inference Buy Threshold set to 0.0683180921646846, Inference Sell Threshold set to 0.0728034992108518
2026-04-29 01:00:20,914 - INFO - [Env 0] In test mode: Inference Buy Threshold set to 0.0683180921646846, Inference Sell Threshold set to 0.0728034992108518
2026-04-29 01:00:28,379 - INFO - [Env 0] In test mode: Inference Buy Threshold set to 0.0683180921646846, Inference Sell Threshold set to 0.0728034992108518
2026-04-29 01:00:32,384 - INFO - [Env 0] In test mode: Inference Buy Threshold set to 0.0683180921646846, Inference Sell Threshold set to 0.0728034992108518
2026-04-29 01:00:40,629 - INFO - [Env 0] In test mode: Inference Buy Threshold set to 0.0683180921646846, Inference Sell Threshold set to 0.0728034992108518
2026-04-29 01:00:42,830 - INFO - [Env 0] In test mode: Inference Buy Threshold set to 0.0683180921646846, Inference Sell Threshold set to 0.0728034992108518
2026-04-29 01:00:47,269 - INFO - [Env 0] In test mode: Inference Buy Threshold set to 0.0683180921646846, Inference Sell Threshold set to 0.0728034992108518
2026-04-29 01:00:48,754 - INFO - [Env 0] In test mode: Inference Buy Threshold set to 0.0683180921646846, Inference Sell Threshold set to 0.0728034992108518
2026-04-29 01:00:52,486 - INFO - [Env 0] In test mode: Inference Buy Threshold set to 0.0683180921646846, Inference Sell Threshold set to 0.0728034992108518
2026-04-29 01:00:54,056 - INFO - [Env 0] In test mode: Inference Buy Threshold set to 0.0683180921646846, Inference Sell Threshold set to 0.0728034992108518
2026-04-29 01:01:00,087 - INFO - [Env 0] In test mode: Inference Buy Threshold set to 0.0683180921646846, Inference Sell Threshold set to 0.0728034992108518
2026-04-29 01:01:04,846 - INFO - [Env 0] In test mode: Inference Buy Threshold set to 0.0683180921646846, Inference Sell Threshold set to 0.0728034992108518
2026-04-29 01:01:14,683 - INFO - [Env 0] In test mode: Inference Buy Threshold set to 0.0683180921646846, Inference Sell Threshold set to 0.0728034992108518
2026-04-29 01:01:19,886 - INFO - [Env 0] In test mode: Inference Buy Threshold set to 0.0683180921646846, Inference Sell Threshold set to 0.0728034992108518
